==== named_key_mappings 
---- It "Named key mappings" 
........

==== usage_block_vs_block 
---- It "Usage: block {motion} vs block {register} content" 
.

==== usage_block_vs_char 
---- It "Usage: block {motion} vs char {register} content" 
.

==== usage_block_vs_line 
---- It "Usage: block {motion} vs line {register} content" 
.

==== usage_char_vs_block 
---- It "Usage: char {motion} vs block {register} content" 
.

==== usage_char_vs_char 
---- It "Usage: char {motion} vs char {register} content" 
...............................................................

==== usage_char_vs_line 
---- It "Usage: char {motion} vs line {register} content" 
.

==== usage_line_vs_block 
---- It "Usage: line {motion} vs block {register} content" 
.

==== usage_line_vs_char 
---- It "Usage: line {motion} vs char {register} content" 
.

==== usage_line_vs_line 
---- It "Usage: line {motion} vs line {register} content" 
............................................................



**** Result ****


138 examples, 0 failures
